../Core/Src/main.c:78:6:HAL_UART_RxCpltCallback	16	static
../Core/Src/main.c:83:6:HAL_TIM_PeriodElapsedCallback	16	static
../Core/Src/main.c:96:5:main	16	static
../Core/Src/main.c:191:6:SystemClock_Config	88	static
../Core/Src/main.c:235:13:MX_TIM2_Init	64	static
../Core/Src/main.c:290:13:MX_TIM3_Init	56	static
../Core/Src/main.c:337:13:MX_TIM4_Init	32	static
../Core/Src/main.c:379:13:MX_USART2_UART_Init	8	static
../Core/Src/main.c:408:13:MX_DMA_Init	16	static
../Core/Src/main.c:425:13:MX_GPIO_Init	40	static
../Core/Src/main.c:456:6:Error_Handler	4	static,ignoring_inline_asm
